> Task :app:checkKotlinGradlePluginConfigurationErrors
> Task :app:preBuild UP-TO-DATE
> Task :app:preDebugBuild UP-TO-DATE
> Task :app:generateDebugBuildConfig UP-TO-DATE
> Task :app:checkDebugAarMetadata UP-TO-DATE
> Task :app:processDebugNavigationResources UP-TO-DATE
> Task :app:compileDebugNavigationResources UP-TO-DATE
> Task :app:generateDebugResValues UP-TO-DATE
> Task :app:mapDebugSourceSetPaths UP-TO-DATE
> Task :app:generateDebugResources UP-TO-DATE
> Task :app:mergeDebugResources UP-TO-DATE
> Task :app:packageDebugResources UP-TO-DATE
> Task :app:parseDebugLocalResources UP-TO-DATE
> Task :app:createDebugCompatibleScreenManifests UP-TO-DATE
> Task :app:extractDeepLinksDebug UP-TO-DATE
> Task :app:processDebugMainManifest UP-TO-DATE
> Task :app:processDebugManifest UP-TO-DATE
> Task :app:processDebugManifestForPackage UP-TO-DATE
> Task :app:processDebugResources UP-TO-DATE
> Task :app:kspDebugKotlin UP-TO-DATE
> Task :app:compileDebugKotlin UP-TO-DATE
> Task :app:javaPreCompileDebug UP-TO-DATE
> Task :app:compileDebugJavaWithJavac UP-TO-DATE
> Task :app:bundleDebugClassesToRuntimeJar UP-TO-DATE
> Task :app:bundleDebugClassesToCompileJar UP-TO-DATE
> Task :app:kspDebugUnitTestKotlin UP-TO-DATE
> Task :app:preDebugUnitTestBuild UP-TO-DATE
> Task :app:javaPreCompileDebugUnitTest UP-TO-DATE
> Task :app:processDebugJavaRes UP-TO-DATE

> Task :app:compileDebugUnitTestKotlin FAILED
e: file:///C:/dev/MyAAC/app/src/test/java/com/example/myaac/viewmodel/BoardViewModelTest.kt:139:50 Unresolved reference. None of the following candidates is applicable because of receiver type mismatch: 
public inline operator fun <T : Any, R : ClosedRange<TypeVariable(T)>> TypeVariable(R).contains(element: TypeVariable(T)?): Boolean where R : Iterable<TypeVariable(T)> defined in kotlin.ranges
public inline operator fun <T : Any, R : OpenEndRange<TypeVariable(T)>> TypeVariable(R).contains(element: TypeVariable(T)?): Boolean where R : Iterable<TypeVariable(T)> defined in kotlin.ranges
public operator fun <T> Array<out TypeVariable(T)>.contains(element: TypeVariable(T)): Boolean defined in kotlin.collections
public operator fun BooleanArray.contains(element: Boolean): Boolean defined in kotlin.collections
public operator fun ByteArray.contains(element: Byte): Boolean defined in kotlin.collections
public operator fun CharArray.contains(element: Char): Boolean defined in kotlin.collections
public operator fun CharSequence.contains(char: Char, ignoreCase: Boolean = ...): Boolean defined in kotlin.text
public operator fun CharSequence.contains(other: CharSequence, ignoreCase: Boolean = ...): Boolean defined in kotlin.text
public inline operator fun CharSequence.contains(regex: Regex): Boolean defined in kotlin.text
public operator fun IntArray.contains(element: Int): Boolean defined in kotlin.collections
public operator fun LongArray.contains(element: Long): Boolean defined in kotlin.collections
public operator fun ShortArray.contains(element: Short): Boolean defined in kotlin.collections
public operator fun <T> Iterable<TypeVariable(T)>.contains(element: TypeVariable(T)): Boolean defined in kotlin.collections
public inline operator fun <K, V> Map<out TypeVariable(K), TypeVariable(V)>.contains(key: TypeVariable(K)): Boolean defined in kotlin.collections
public inline operator fun CharRange.contains(element: Char?): Boolean defined in kotlin.ranges
public operator fun ClosedRange<Byte>.contains(value: Int): Boolean defined in kotlin.ranges
public operator fun ClosedRange<Byte>.contains(value: Long): Boolean defined in kotlin.ranges
public operator fun ClosedRange<Byte>.contains(value: Short): Boolean defined in kotlin.ranges
public operator fun ClosedRange<Double>.contains(value: Float): Boolean defined in kotlin.ranges
public operator fun ClosedRange<Float>.contains(value: Double): Boolean defined in kotlin.ranges
public operator fun ClosedRange<Int>.contains(value: Byte): Boolean defined in kotlin.ranges
public operator fun ClosedRange<Int>.contains(value: Long): Boolean defined in kotlin.ranges
public operator fun ClosedRange<Int>.contains(value: Short): Boolean defined in kotlin.ranges
public operator fun ClosedRange<Long>.contains(value: Byte): Boolean defined in kotlin.ranges
public operator fun ClosedRange<Long>.contains(value: Int): Boolean defined in kotlin.ranges
public operator fun ClosedRange<Long>.contains(value: Short): Boolean defined in kotlin.ranges
public operator fun ClosedRange<Short>.contains(value: Byte): Boolean defined in kotlin.ranges
public operator fun ClosedRange<Short>.contains(value: Int): Boolean defined in kotlin.ranges
public operator fun ClosedRange<Short>.contains(value: Long): Boolean defined in kotlin.ranges
public inline operator fun IntRange.contains(value: Byte): Boolean defined in kotlin.ranges
public inline operator fun IntRange.contains(element: Int?): Boolean defined in kotlin.ranges
public inline operator fun IntRange.contains(value: Long): Boolean defined in kotlin.ranges
public inline operator fun IntRange.contains(value: Short): Boolean defined in kotlin.ranges
public inline operator fun LongRange.contains(value: Byte): Boolean defined in kotlin.ranges
public inline operator fun LongRange.contains(value: Int): Boolean defined in kotlin.ranges
public inline operator fun LongRange.contains(element: Long?): Boolean defined in kotlin.ranges
public inline operator fun LongRange.contains(value: Short): Boolean defined in kotlin.ranges
public operator fun OpenEndRange<Byte>.contains(value: Int): Boolean defined in kotlin.ranges
public operator fun OpenEndRange<Byte>.contains(value: Long): Boolean defined in kotlin.ranges
public operator fun OpenEndRange<Byte>.contains(value: Short): Boolean defined in kotlin.ranges
public operator fun OpenEndRange<Double>.contains(value: Float): Boolean defined in kotlin.ranges
public operator fun OpenEndRange<Int>.contains(value: Byte): Boolean defined in kotlin.ranges
public operator fun OpenEndRange<Int>.contains(value: Long): Boolean defined in kotlin.ranges
public operator fun OpenEndRange<Int>.contains(value: Short): Boolean defined in kotlin.ranges
public operator fun OpenEndRange<Long>.contains(value: Byte): Boolean defined in kotlin.ranges
public operator fun OpenEndRange<Long>.contains(value: Int): Boolean defined in kotlin.ranges
public operator fun OpenEndRange<Long>.contains(value: Short): Boolean defined in kotlin.ranges
public operator fun OpenEndRange<Short>.contains(value: Byte): Boolean defined in kotlin.ranges
public operator fun OpenEndRange<Short>.contains(value: Int): Boolean defined in kotlin.ranges
public operator fun OpenEndRange<Short>.contains(value: Long): Boolean defined in kotlin.ranges
public operator fun UIntRange.contains(value: UByte): Boolean defined in kotlin.ranges
public inline operator fun UIntRange.contains(element: UInt?): Boolean defined in kotlin.ranges
public operator fun UIntRange.contains(value: ULong): Boolean defined in kotlin.ranges
public operator fun UIntRange.contains(value: UShort): Boolean defined in kotlin.ranges
public operator fun ULongRange.contains(value: UByte): Boolean defined in kotlin.ranges
public operator fun ULongRange.contains(value: UInt): Boolean defined in kotlin.ranges
public inline operator fun ULongRange.contains(element: ULong?): Boolean defined in kotlin.ranges
public operator fun ULongRange.contains(value: UShort): Boolean defined in kotlin.ranges
public operator fun <T> Sequence<TypeVariable(T)>.contains(element: TypeVariable(T)): Boolean defined in kotlin.sequences

[Incubating] Problems report is available at: file:///C:/dev/MyAAC/build/reports/problems/problems-report.html

FAILURE: Build failed with an exception.

* What went wrong:
Execution failed for task ':app:compileDebugUnitTestKotlin'.
> A failure occurred while executing org.jetbrains.kotlin.compilerRunner.GradleCompilerRunnerWithWorkers$GradleKotlinCompilerWorkAction
   > Compilation error. See log for more details

* Try:
> Run with --stacktrace option to get the stack trace.
> Run with --info or --debug option to get more log output.
> Run with --scan to get full insights.
> Get more help at https://help.gradle.org.

Deprecated Gradle features were used in this build, making it incompatible with Gradle 10.0.

You can use '--warning-mode all' to show the individual deprecation warnings and determine if they come from your own scripts or plugins.

For more on this, please refer to https://docs.gradle.org/9.0-milestone-1/userguide/command_line_interface.html#sec:command_line_warnings in the Gradle documentation.

BUILD FAILED in 3s
27 actionable tasks: 2 executed, 25 up-to-date
